// Jest Snapshot v1, https://goo.gl/fbAQLP

exports[`CartColumnst renders without crashing 1`] = `
<div
  className="container-fluid text-center d-none d-lg-block"
>
  <div
    className="row"
  >
    <div
      className="col-10 mx-auto col-lg-2"
    >
      <p
        className="text-uppercase font-weight-bold"
      >
        products
      </p>
    </div>
    <div
      className="col-10 mx-auto col-lg-2"
    >
      <p
        className="text-uppercase font-weight-bold"
      >
        name of product
      </p>
    </div>
    <div
      className="col-10 mx-auto col-lg-2"
    >
      <p
        className="text-uppercase font-weight-bold"
      >
        price
      </p>
    </div>
    <div
      className="col-10 mx-auto col-lg-2"
    >
      <p
        className="text-uppercase font-weight-bold"
      >
        quantity
      </p>
    </div>
     
    <div
      className="col-10 mx-auto col-lg-2"
    >
      <p
        className="text-uppercase font-weight-bold"
      >
        remove
      </p>
    </div>
    <div
      className="col-10 mx-auto col-lg-2"
    >
      <p
        className="text-uppercase font-weight-bold"
      >
        total
      </p>
    </div>
  </div>
</div>
`;
