// Jest Snapshot v1, https://goo.gl/fbAQLP

exports[`CartTotals should render without crash 1`] = `
<div
  className="container"
>
  <div
    className="row"
  >
    <div
      className="col-10 mt-2 ml-sm-5 ml-md-auto col-sm-8 text-capitalize text-right"
    >
      <a
        href="/"
        onClick={[Function]}
      >
        <button
          className="btn btn-outline-danger text-uppercase mb-3 px-5"
          onClick={[Function]}
          type="button"
        >
          clear cart
        </button>
      </a>
      <h5>
        <span
          className="text-title"
        >
          subtotal :
        </span>
        <strong>
          $ 
        </strong>
      </h5>
      <h5>
        <span
          className="text-title"
        >
          tax :
        </span>
        <strong>
          $ 
        </strong>
      </h5>
      <h5>
        <span
          className="text-title"
        >
          total :
        </span>
        <strong>
          $ 
        </strong>
      </h5>
      <div>
        
      </div>
    </div>
  </div>
</div>
`;
