// Jest Snapshot v1, https://goo.gl/fbAQLP

exports[`CartItem renders without crashes 1`] = `
<div
  className="row d-flex flex-row align-items-center my-2 text-capitalize text-center"
>
  <div
    className="col-10 mx-auto col-lg-2"
  >
    <img
      alt="product"
      className="img-fluid"
      style={
        Object {
          "height": "auto",
          "width": "5rem",
        }
      }
    />
  </div>
  <div
    className="col-10 mx-auto col-lg-2"
  >
    <span
      className="d-lg-none"
    >
      product: 
    </span>
  </div>
  <div
    className="col-10 mx-auto col-lg-2"
  >
    <span
      className="d-lg-none"
    >
      price: 
    </span>
  </div>
  <div
    className="col-10 mx-auto col-lg-2 my-2 my-lg-0"
  >
    <div
      className="d-flex justify-content-center"
    >
      <div
        className="sc-bdVaJa ksOhOh"
      >
        <span
          className="btn btn-black mx-1on>"
          onClick={[Function]}
        >
          -
        </span>
        <span
          className="btn btn-black mx-1on>"
        />
        <span
          className="btn btn-black mx-1on>"
          onClick={[Function]}
        >
          +
        </span>
      </div>
    </div>
  </div>
  <div
    className="col-10 mx-auto col-lg-2"
  >
    <div
      className="cart-icon"
      onClick={[Function]}
    >
      <i
        className="fas fa-trash"
        style={
          Object {
            "cursor": "pointer",
          }
        }
      />
    </div>
  </div>
  <div
    className="col-10 mx-auto col-lg-2"
  >
    <strong>
       item total : $ 
    </strong>
  </div>
</div>
`;
