// Jest Snapshot v1, https://goo.gl/fbAQLP

exports[`CartColumnst render without crashes 1`] = `
<div
  className="container my-5"
>
  <div
    className="row my-5"
  >
    <div
      className="col-10 mx-auto text-center text-title my-5"
    >
      <h1>
        Your cart is currently empty
      </h1>
    </div>
  </div>
</div>
`;
