// Jest Snapshot v1, https://goo.gl/fbAQLP

exports[`Product renders without crashes 1`] = `
<div
  className="col-9 mx-auto col-md-6 col-lg-3 my-3 sc-bdVaJa xNYtp"
>
  <div
    className="card"
  >
    <div
      className="img-container p-5"
      onClick={[Function]}
    >
      <a
        href="/details"
        onClick={[Function]}
      >
        <img
          alt=""
          className="card-img-top"
        />
      </a>
      <button
        className="cart-btn"
        disabled={false}
        onClick={[Function]}
      >
        <i
          className="fas fa-cart-plus"
        />
      </button>
    </div>
    <div
      className="card-footer d-flex justify-content-between"
    >
      <p
        className="align-self-center mb-0"
      >
         
         
      </p>
      <h5
        className="text-blue font-italic mb-0"
      >
        <span
          className="mr-1"
        >
           $ 
           
        </span>
      </h5>
    </div>
  </div>
</div>
`;
